/data/sat/products/PMW_sats/MWCCH_hail_probability/netcdf/2022/06/05/20220605_S0119_E0121_ATMS_n20.nc
large_hail
/data/sat/products/PMW_sats/MWCCH_hail_probability/netcdf/2022/06/05/20220605_S0208_E0209_ATMS_npp.nc
large_hail
/data/sat/products/PMW_sats/MWCCH_hail_probability/netcdf/2022/06/05/20220605_S0340_E0341_SSMIS_f16.nc
no_hail
/data/sat/products/PMW_sats/MWCCH_hail_probability/netcdf/2022/06/05/20220605_S0518_E0522_SSMIS_f16.nc
large_hail
/data/sat/products/PMW_sats/MWCCH_hail_probability/netcdf/2022/06/05/20220605_S0650_E0653_SSMIS_f17.nc
large_hail
/data/sat/products/PMW_sats/MWCCH_hail_probability/netcdf/2022/06/05/20220605_S0745_E0748_GMI_gpm.nc
super_hail
/data/sat/products/PMW_sats/MWCCH_hail_probability/netcdf/2022/06/05/20220605_S0759_E0801_MHS_noaa19.nc
large_hail
/data/sat/products/PMW_sats/MWCCH_hail_probability/netcdf/2022/06/05/20220605_S0924_E0927_MHS_meto01.nc
hail_initiation_graupel
/data/sat/products/PMW_sats/MWCCH_hail_probability/netcdf/2022/06/05/20220605_S1017_E1017_MHS_meto03.nc
no_hail
/data/sat/products/PMW_sats/MWCCH_hail_probability/netcdf/2022/06/05/20220605_S1153_E1156_ATMS_npp.nc
hail_initiation_graupel
/data/sat/products/PMW_sats/MWCCH_hail_probability/netcdf/2022/06/05/20220605_S1245_E1247_ATMS_n20.nc
hail_potential
/data/sat/products/PMW_sats/MWCCH_hail_probability/netcdf/2022/06/05/20220605_S1506_E1509_SSMIS_f16.nc
large_hail
/data/sat/products/PMW_sats/MWCCH_hail_probability/netcdf/2022/06/05/20220605_S1637_E1641_SSMIS_f17.nc
large_hail
/data/sat/products/PMW_sats/MWCCH_hail_probability/netcdf/2022/06/05/20220605_S1748_E1749_MHS_noaa19.nc
large_hail
/data/sat/products/PMW_sats/MWCCH_hail_probability/netcdf/2022/06/05/20220605_S1820_E1821_SSMIS_f17.nc
no_hail
/data/sat/products/PMW_sats/MWCCH_hail_probability/netcdf/2022/06/05/20220605_S2001_E2004_MHS_meto03.nc
hail_initiation_graupel
/data/sat/products/PMW_sats/MWCCH_hail_probability/netcdf/2022/06/05/20220605_S2251_E2253_GMI_gpm.nc
large_hail
/data/sat/products/PMW_sats/MWCCH_hail_probability/netcdf/2022/06/05/20220605_S0119_E0121_ATMS_n20.nc
large_hail
/data/sat/products/PMW_sats/MWCCH_hail_probability/netcdf/2022/06/05/20220605_S0208_E0209_ATMS_npp.nc
large_hail
/data/sat/products/PMW_sats/MWCCH_hail_probability/netcdf/2022/06/05/20220605_S0340_E0341_SSMIS_f16.nc
no_hail
/data/sat/products/PMW_sats/MWCCH_hail_probability/netcdf/2022/06/05/20220605_S0518_E0522_SSMIS_f16.nc
large_hail
/data/sat/products/PMW_sats/MWCCH_hail_probability/netcdf/2022/06/05/20220605_S0650_E0653_SSMIS_f17.nc
large_hail
/data/sat/products/PMW_sats/MWCCH_hail_probability/netcdf/2022/06/05/20220605_S0745_E0748_GMI_gpm.nc
super_hail
/data/sat/products/PMW_sats/MWCCH_hail_probability/netcdf/2022/06/05/20220605_S0759_E0801_MHS_noaa19.nc
large_hail
/data/sat/products/PMW_sats/MWCCH_hail_probability/netcdf/2022/06/05/20220605_S0924_E0927_MHS_meto01.nc
hail_initiation_graupel
/data/sat/products/PMW_sats/MWCCH_hail_probability/netcdf/2022/06/05/20220605_S1017_E1017_MHS_meto03.nc
no_hail
/data/sat/products/PMW_sats/MWCCH_hail_probability/netcdf/2022/06/05/20220605_S1153_E1156_ATMS_npp.nc
hail_initiation_graupel
/data/sat/products/PMW_sats/MWCCH_hail_probability/netcdf/2022/06/05/20220605_S1245_E1247_ATMS_n20.nc
hail_potential
/data/sat/products/PMW_sats/MWCCH_hail_probability/netcdf/2022/06/05/20220605_S1506_E1509_SSMIS_f16.nc
large_hail
/data/sat/products/PMW_sats/MWCCH_hail_probability/netcdf/2022/06/05/20220605_S1637_E1641_SSMIS_f17.nc
large_hail
/data/sat/products/PMW_sats/MWCCH_hail_probability/netcdf/2022/06/05/20220605_S1748_E1749_MHS_noaa19.nc
large_hail
/data/sat/products/PMW_sats/MWCCH_hail_probability/netcdf/2022/06/05/20220605_S1820_E1821_SSMIS_f17.nc
no_hail
/data/sat/products/PMW_sats/MWCCH_hail_probability/netcdf/2022/06/05/20220605_S2001_E2004_MHS_meto03.nc
hail_initiation_graupel
/data/sat/products/PMW_sats/MWCCH_hail_probability/netcdf/2022/06/05/20220605_S2251_E2253_GMI_gpm.nc
large_hail
